---
source: compiler-core/src/erlang/tests/return_expr.rs
expression: "\npub fn main(x) -> Int {\n  case x {\n    1 -> $return 0\n    _ -> 1\n  }\n}"
---
----- SOURCE CODE

pub fn main(x) -> Int {
  case x {
    1 -> $return 0
    _ -> 1
  }
}

----- COMPILED ERLANG
-module(my@mod).
-compile([no_auto_import, nowarn_unused_vars, nowarn_unused_function, nowarn_nomatch, inline]).
-define(FILEPATH, "project/test/my/mod.gleam").
-export([main/1]).

-file("project/test/my/mod.gleam", 2).
-spec main(integer()) -> integer().
main(X) ->
    case X of
        1 ->
            0;

        _ ->
            1
    end.
